[{"stream_name":"stderr","time":9.734372376,"data":"0.00s - Debugger warning: It seems that frozen modules are being used, which may\n"}
,{"stream_name":"stderr","time":9.734427329,"data":"0.00s - make the debugger miss breakpoints. Please pass -Xfrozen_modules=off\n"}
,{"stream_name":"stderr","time":9.734434865,"data":"0.00s - to python to disable frozen modules.\n"}
,{"stream_name":"stderr","time":9.734440142,"data":"0.00s - Note: Debugging will proceed. Set PYDEVD_DISABLE_FILE_VALIDATION=1 to disable this validation.\n"}
,{"stream_name":"stderr","time":10.601810792,"data":"0.00s - Debugger warning: It seems that frozen modules are being used, which may\n"}
,{"stream_name":"stderr","time":10.601853173,"data":"0.00s - make the debugger miss breakpoints. Please pass -Xfrozen_modules=off\n"}
,{"stream_name":"stderr","time":10.601859675,"data":"0.00s - to python to disable frozen modules.\n"}
,{"stream_name":"stderr","time":10.601864961,"data":"0.00s - Note: Debugging will proceed. Set PYDEVD_DISABLE_FILE_VALIDATION=1 to disable this validation.\n"}
,{"stream_name":"stdout","time":16.732026676,"data":"python 3.12.13\n"}
,{"stream_name":"stdout","time":16.732065558,"data":"{'numpy': '2.0.2', 'pandas': '2.3.3', 'sklearn': '1.6.1', 'matplotlib': '3.10.0'}\n"}
,{"stream_name":"stdout","time":16.763634848,"data":"DATA_DIR = /kaggle/input/competitions/playground-series-s6e10\n"}
,{"stream_name":"stdout","time":19.41713045,"data":"train (699635, 23) test (299844, 22) positive 310339\n"}
,{"stream_name":"stdout","time":19.45144803,"data":"positive 310339 / 699635 = 0.4435727200611748\n"}
,{"stream_name":"stdout","time":19.451489701,"data":"sample constant 0.4435727200611747\n"}
,{"stream_name":"stdout","time":19.451494659,"data":"absolute difference 5.551e-17\n"}
,{"stream_name":"stdout","time":19.451498081,"data":"sample is constant: True\n"}
,{"stream_name":"stdout","time":19.794630054,"data":"train nulls\n"}
,{"stream_name":"stdout","time":19.794680054,"data":"Arrival Delay in Minutes    292\n"}
,{"stream_name":"stdout","time":19.794688542,"data":"test nulls\n"}
,{"stream_name":"stdout","time":19.794693253,"data":"Arrival Delay in Minutes    130\n"}
,{"stream_name":"stdout","time":19.794697563,"data":"null rate train 0.000417 (292), test 0.000434\n"}
,{"stream_name":"stdout","time":19.794702594,"data":"                              mean    size\n"}
,{"stream_name":"stdout","time":19.794707497,"data":"Arrival Delay in Minutes                  \n"}
,{"stream_name":"stdout","time":19.794711819,"data":"observed                  0.443606  699343\n"}
,{"stream_name":"stdout","time":19.794716649,"data":"missing                   0.363014     292\n"}
,{"stream_name":"stdout","time":19.794721284,"data":"corr(departure, arrival | observed) = 0.842034\n"}
,{"stream_name":"stdout","time":20.168485534,"data":"                          feature  zero_share  rate_at_0  rate_at_1_to_5  min  max\n"}
,{"stream_name":"stdout","time":20.168516939,"data":"Departure/Arrival time convenient      0.0368     0.4777          0.4423    0    5\n"}
,{"stream_name":"stdout","time":20.168522827,"data":"           Ease of Online booking      0.0230     0.7076          0.4374    0    5\n"}
,{"stream_name":"stdout","time":20.168528125,"data":"            Inflight wifi service      0.0187     0.8873          0.4351    0    5\n"}
,{"stream_name":"stdout","time":20.168583208,"data":"                  Online boarding      0.0131     0.6204          0.4412    0    5\n"}
,{"stream_name":"stdout","time":20.168588128,"data":"                 Leg room service      0.0024     0.2699          0.4440    0    5\n"}
,{"stream_name":"stdout","time":20.168592968,"data":"                    Gate location      0.0021     0.5430          0.4434    0    5\n"}
,{"stream_name":"stdout","time":20.168618457,"data":"           Inflight entertainment      0.0015     0.1402          0.4440    0    5\n"}
,{"stream_name":"stdout","time":20.168629969,"data":"                   Food and drink      0.0014     0.2189          0.4439    0    5\n"}
,{"stream_name":"stdout","time":20.16863512,"data":"                      Cleanliness      0.0014     0.1683          0.4439    0    5\n"}
,{"stream_name":"stdout","time":20.168639835,"data":"                  Checkin service      0.0013     0.1787          0.4439    0    5\n"}
,{"stream_name":"stdout","time":20.168644594,"data":"                     Seat comfort      0.0012     0.1838          0.4439    0    5\n"}
,{"stream_name":"stdout","time":20.16864934,"data":"                 On-board service      0.0011     0.1473          0.4439    0    5\n"}
,{"stream_name":"stdout","time":20.168654118,"data":"                 Baggage handling      0.0000        NaN          0.4436    1    5\n"}
,{"stream_name":"stdout","time":21.059477921,"data":"\n"}
,{"stream_name":"stdout","time":21.059518367,"data":"Gender\n"}
,{"stream_name":"stdout","time":21.059524951,"data":"         mean    size\n"}
,{"stream_name":"stdout","time":21.059528324,"data":"Gender               \n"}
,{"stream_name":"stdout","time":21.059531391,"data":"Female 0.4380  347952\n"}
,{"stream_name":"stdout","time":21.059534464,"data":"Male   0.4491  351683\n"}
,{"stream_name":"stdout","time":21.05953742,"data":"\n"}
,{"stream_name":"stdout","time":21.059540403,"data":"Customer Type\n"}
,{"stream_name":"stdout","time":21.059543445,"data":"                    mean    size\n"}
,{"stream_name":"stdout","time":21.059546473,"data":"Customer Type                   \n"}
,{"stream_name":"stdout","time":21.0595493,"data":"disloyal Customer 0.2009  122645\n"}
,{"stream_name":"stdout","time":21.059553519,"data":"Loyal Customer    0.4951  576990\n"}
,{"stream_name":"stdout","time":21.059558108,"data":"\n"}
,{"stream_name":"stdout","time":21.059562373,"data":"Type of Travel\n"}
,{"stream_name":"stdout","time":21.059566771,"data":"                  mean    size\n"}
,{"stream_name":"stdout","time":21.059584356,"data":"Type of Travel                \n"}
,{"stream_name":"stdout","time":21.059588915,"data":"Personal Travel 0.0973  202194\n"}
,{"stream_name":"stdout","time":21.059593377,"data":"Business travel 0.5843  497441\n"}
,{"stream_name":"stdout","time":21.059597993,"data":"\n"}
,{"stream_name":"stdout","time":21.059602441,"data":"Class\n"}
,{"stream_name":"stdout","time":21.059606904,"data":"           mean    size\n"}
,{"stream_name":"stdout","time":21.05961143,"data":"Class                  \n"}
,{"stream_name":"stdout","time":21.059615756,"data":"Eco      0.1676  327404\n"}
,{"stream_name":"stdout","time":21.059620328,"data":"Eco Plus 0.2422   30019\n"}
,{"stream_name":"stdout","time":21.059625555,"data":"Business 0.7253  342212\n"}
,{"stream_name":"stdout","time":23.883798706,"data":"                          feature    auc  missing\n"}
,{"stream_name":"stdout","time":23.883836664,"data":"                  Online boarding 0.8404        0\n"}
,{"stream_name":"stdout","time":23.883842564,"data":"           Inflight entertainment 0.7445        0\n"}
,{"stream_name":"stdout","time":23.883847429,"data":"                     Seat comfort 0.7321        0\n"}
,{"stream_name":"stdout","time":23.883852761,"data":"                 On-board service 0.6993        0\n"}
,{"stream_name":"stdout","time":23.883856144,"data":"                  Flight Distance 0.6956        0\n"}
,{"stream_name":"stdout","time":23.883875799,"data":"                      Cleanliness 0.6894        0\n"}
,{"stream_name":"stdout","time":23.883879066,"data":"                 Leg room service 0.6877        0\n"}
,{"stream_name":"stdout","time":23.883882024000002,"data":"            Inflight wifi service 0.6627        0\n"}
,{"stream_name":"stdout","time":23.883885524,"data":"                 Baggage handling 0.6549        0\n"}
,{"stream_name":"stdout","time":23.883888551,"data":"                  Checkin service 0.6355        0\n"}
,{"stream_name":"stdout","time":23.883891547,"data":"                              Age 0.6244        0\n"}
,{"stream_name":"stdout","time":23.883894689,"data":"                   Food and drink 0.6211        0\n"}
,{"stream_name":"stdout","time":23.883897606,"data":"           Ease of Online booking 0.6090        0\n"}
,{"stream_name":"stdout","time":23.883900531,"data":"Departure/Arrival time convenient 0.5265        0\n"}
,{"stream_name":"stdout","time":23.883903483,"data":"         Arrival Delay in Minutes 0.5162      292\n"}
,{"stream_name":"stdout","time":23.883906429,"data":"                    Gate location 0.5137        0\n"}
,{"stream_name":"stdout","time":23.88390935,"data":"       Departure Delay in Minutes 0.5085        0\n"}
,{"stream_name":"stdout","time":25.549560889,"data":"                          feature        kind     stat\n"}
,{"stream_name":"stdout","time":25.549602402,"data":"                      Cleanliness     numeric 0.002747\n"}
,{"stream_name":"stdout","time":25.549608619,"data":"                   Food and drink     numeric 0.002169\n"}
,{"stream_name":"stdout","time":25.549613572,"data":"                 On-board service     numeric 0.002164\n"}
,{"stream_name":"stdout","time":25.549618367,"data":"                 Leg room service     numeric 0.001608\n"}
,{"stream_name":"stdout","time":25.549623024,"data":"                           Gender categorical 0.001536\n"}
,{"stream_name":"stdout","time":25.549627111,"data":"                 Baggage handling     numeric 0.001452\n"}
,{"stream_name":"stdout","time":25.549631195,"data":"Departure/Arrival time convenient     numeric 0.001423\n"}
,{"stream_name":"stdout","time":25.549635938,"data":"                    Customer Type categorical 0.001421\n"}
,{"stream_name":"stdout","time":25.549640459,"data":"                     Seat comfort     numeric 0.001369\n"}
,{"stream_name":"stdout","time":25.549645275,"data":"           Inflight entertainment     numeric 0.001233\n"}
,{"stream_name":"stdout","time":25.549649675,"data":"                  Checkin service     numeric 0.001204\n"}
,{"stream_name":"stdout","time":25.549654097,"data":"                              Age     numeric 0.001161\n"}
,{"stream_name":"stdout","time":25.549683299,"data":"                  Flight Distance     numeric 0.000945\n"}
,{"stream_name":"stdout","time":25.549697694,"data":"                  Online boarding     numeric 0.000870\n"}
,{"stream_name":"stdout","time":25.549702061,"data":"           Ease of Online booking     numeric 0.000780\n"}
,{"stream_name":"stdout","time":25.549706522,"data":"       Departure Delay in Minutes     numeric 0.000669\n"}
,{"stream_name":"stdout","time":25.549711082,"data":"            Inflight wifi service     numeric 0.000653\n"}
,{"stream_name":"stdout","time":25.549715423,"data":"                            Class categorical 0.000443\n"}
,{"stream_name":"stdout","time":25.549719944,"data":"                    Gate location     numeric 0.000407\n"}
,{"stream_name":"stdout","time":25.549724377,"data":"         Arrival Delay in Minutes     numeric 0.000402\n"}
,{"stream_name":"stdout","time":25.549744067,"data":"                   Type of Travel categorical 0.000161\n"}
,{"stream_name":"stdout","time":25.549749319,"data":"max stat 0.0027468967614925344\n"}
,{"stream_name":"stdout","time":30.304285165,"data":"adversarial OOF AUC 0.5004 on 200000 rows per side, 3-fold\n"}
,{"stream_name":"stdout","time":30.505373219,"data":"NOTEBOOK_VERSION v1\n"}
,{"stream_name":"stdout","time":30.505426816,"data":"rows 699635 299844\n"}
,{"stream_name":"stdout","time":30.505432608,"data":"positive_rate 0.4435727201\n"}
,{"stream_name":"stdout","time":30.505437511,"data":"arrival_null_train 292\n"}
,{"stream_name":"stdout","time":30.505442223,"data":"top_univariate {'feature': 'Online boarding', 'auc': 0.8403949917282508, 'missing': 0}\n"}
,{"stream_name":"stdout","time":30.505447328,"data":"max_drift 0.0027468967614925344\n"}
,{"stream_name":"stdout","time":30.505451979,"data":"adversarial_auc 0.5004\n"}
,{"stream_name":"stdout","time":30.918303278,"data":"duplicate_feature_rows 0\n"}
,{"stream_name":"stdout","time":30.962151793,"data":"self-export: executed_notebook.ipynb — 24 cells, 11 with outputs, 228 KB\n"}
,{"stream_name":"stderr","time":34.781444124,"data":"/usr/local/lib/python3.12/dist-packages/mistune.py:435: SyntaxWarning: invalid escape sequence '\\|'\n"}
,{"stream_name":"stderr","time":34.781484781,"data":"  cells[i][c] = re.sub('\\\\\\\\\\|', '|', cell)\n"}
,{"stream_name":"stderr","time":35.005841839,"data":"/usr/local/lib/python3.12/dist-packages/nbconvert/filters/filter_links.py:36: SyntaxWarning: invalid escape sequence '\\_'\n"}
,{"stream_name":"stderr","time":35.005874653,"data":"  text = re.sub(r'_', '\\_', text) # Escape underscores in display text\n"}
,{"stream_name":"stderr","time":35.879458596,"data":"[NbConvertApp] Converting notebook __notebook__.ipynb to notebook\n"}
,{"stream_name":"stderr","time":36.317933337,"data":"[NbConvertApp] Writing 233795 bytes to __notebook__.ipynb\n"}
,{"stream_name":"stderr","time":39.645454208,"data":"[NbConvertApp] Converting notebook __notebook__.ipynb to html\n"}
,{"stream_name":"stderr","time":40.859619199,"data":"[NbConvertApp] Support files will be in __results___files/\n"}
,{"stream_name":"stderr","time":40.859685298,"data":"[NbConvertApp] Making directory __results___files\n"}
,{"stream_name":"stderr","time":40.859948312,"data":"[NbConvertApp] Making directory __results___files\n"}
,{"stream_name":"stderr","time":40.860206672,"data":"[NbConvertApp] Making directory __results___files\n"}
,{"stream_name":"stderr","time":40.860452058,"data":"[NbConvertApp] Writing 349646 bytes to __results__.html\n"}
]