[{"stream_name":"stderr","time":10.247615922,"data":"0.00s - Debugger warning: It seems that frozen modules are being used, which may\n"}
,{"stream_name":"stderr","time":10.247707666,"data":"0.00s - make the debugger miss breakpoints. Please pass -Xfrozen_modules=off\n"}
,{"stream_name":"stderr","time":10.247714596,"data":"0.00s - to python to disable frozen modules.\n"}
,{"stream_name":"stderr","time":10.247718832,"data":"0.00s - Note: Debugging will proceed. Set PYDEVD_DISABLE_FILE_VALIDATION=1 to disable this validation.\n"}
,{"stream_name":"stderr","time":11.243911947,"data":"0.00s - Debugger warning: It seems that frozen modules are being used, which may\n"}
,{"stream_name":"stderr","time":11.2439638,"data":"0.00s - make the debugger miss breakpoints. Please pass -Xfrozen_modules=off\n"}
,{"stream_name":"stderr","time":11.243969727,"data":"0.00s - to python to disable frozen modules.\n"}
,{"stream_name":"stderr","time":11.243973846,"data":"0.00s - Note: Debugging will proceed. Set PYDEVD_DISABLE_FILE_VALIDATION=1 to disable this validation.\n"}
,{"stream_name":"stdout","time":17.682516614,"data":"python 3.12.13\n"}
,{"stream_name":"stdout","time":17.682573806,"data":"{'numpy': '2.0.2', 'pandas': '2.3.3', 'sklearn': '1.6.1', 'matplotlib': '3.10.0'}\n"}
,{"stream_name":"stdout","time":17.710172281,"data":"DATA_DIR = /kaggle/input/competitions/playground-series-s6e10\n"}
,{"stream_name":"stdout","time":20.692470221,"data":"train (699635, 23) test (299844, 22) positive 310339\n"}
,{"stream_name":"stdout","time":20.722119331000002,"data":"positive 310339 / 699635 = 0.4435727200611748\n"}
,{"stream_name":"stdout","time":20.722156775,"data":"sample constant 0.4435727200611747\n"}
,{"stream_name":"stdout","time":20.722161767,"data":"absolute difference 5.551e-17\n"}
,{"stream_name":"stdout","time":20.722165513,"data":"sample is constant: True\n"}
,{"stream_name":"stdout","time":21.05233137,"data":"train nulls\n"}
,{"stream_name":"stdout","time":21.052365883,"data":"Arrival Delay in Minutes    292\n"}
,{"stream_name":"stdout","time":21.052370498,"data":"test nulls\n"}
,{"stream_name":"stdout","time":21.052374278,"data":"Arrival Delay in Minutes    130\n"}
,{"stream_name":"stdout","time":21.052377688,"data":"null rate train 0.000417 (292), test 0.000434\n"}
,{"stream_name":"stdout","time":21.052381457,"data":"                              mean    size\n"}
,{"stream_name":"stdout","time":21.052385454,"data":"Arrival Delay in Minutes                  \n"}
,{"stream_name":"stdout","time":21.052389334,"data":"observed                  0.443606  699343\n"}
,{"stream_name":"stdout","time":21.052393471,"data":"missing                   0.363014     292\n"}
,{"stream_name":"stdout","time":21.052397207,"data":"corr(departure, arrival | observed) = 0.842034\n"}
,{"stream_name":"stdout","time":21.447165618,"data":"                          feature  zero_share  rate_at_0  rate_at_1_to_5  min  max\n"}
,{"stream_name":"stdout","time":21.457076429,"data":"Departure/Arrival time convenient      0.0368     0.4777          0.4423    0    5\n"}
,{"stream_name":"stdout","time":21.457101931,"data":"           Ease of Online booking      0.0230     0.7076          0.4374    0    5\n"}
,{"stream_name":"stdout","time":21.457107021,"data":"            Inflight wifi service      0.0187     0.8873          0.4351    0    5\n"}
,{"stream_name":"stdout","time":21.457111009,"data":"                  Online boarding      0.0131     0.6204          0.4412    0    5\n"}
,{"stream_name":"stdout","time":21.457114957,"data":"                 Leg room service      0.0024     0.2699          0.4440    0    5\n"}
,{"stream_name":"stdout","time":21.457118818,"data":"                    Gate location      0.0021     0.5430          0.4434    0    5\n"}
,{"stream_name":"stdout","time":21.457145281,"data":"           Inflight entertainment      0.0015     0.1402          0.4440    0    5\n"}
,{"stream_name":"stdout","time":21.457150556,"data":"                   Food and drink      0.0014     0.2189          0.4439    0    5\n"}
,{"stream_name":"stdout","time":21.457154535,"data":"                      Cleanliness      0.0014     0.1683          0.4439    0    5\n"}
,{"stream_name":"stdout","time":21.457158462,"data":"                  Checkin service      0.0013     0.1787          0.4439    0    5\n"}
,{"stream_name":"stdout","time":21.457162161,"data":"                     Seat comfort      0.0012     0.1838          0.4439    0    5\n"}
,{"stream_name":"stdout","time":21.457166396,"data":"                 On-board service      0.0011     0.1473          0.4439    0    5\n"}
,{"stream_name":"stdout","time":21.45717012,"data":"                 Baggage handling      0.0000        NaN          0.4436    1    5\n"}
,{"stream_name":"stdout","time":22.282833048,"data":"\n"}
,{"stream_name":"stdout","time":22.282870742,"data":"Gender\n"}
,{"stream_name":"stdout","time":22.282876261,"data":"         mean    size\n"}
,{"stream_name":"stdout","time":22.282879995,"data":"Gender               \n"}
,{"stream_name":"stdout","time":22.28288346,"data":"Female 0.4380  347952\n"}
,{"stream_name":"stdout","time":22.282886948,"data":"Male   0.4491  351683\n"}
,{"stream_name":"stdout","time":22.282890232,"data":"\n"}
,{"stream_name":"stdout","time":22.282893716,"data":"Customer Type\n"}
,{"stream_name":"stdout","time":22.282897389,"data":"                    mean    size\n"}
,{"stream_name":"stdout","time":22.282900692,"data":"Customer Type                   \n"}
,{"stream_name":"stdout","time":22.282904025,"data":"disloyal Customer 0.2009  122645\n"}
,{"stream_name":"stdout","time":22.282907369,"data":"Loyal Customer    0.4951  576990\n"}
,{"stream_name":"stdout","time":22.28291106,"data":"\n"}
,{"stream_name":"stdout","time":22.282914342,"data":"Type of Travel\n"}
,{"stream_name":"stdout","time":22.282917992,"data":"                  mean    size\n"}
,{"stream_name":"stdout","time":22.282921589,"data":"Type of Travel                \n"}
,{"stream_name":"stdout","time":22.28292507,"data":"Personal Travel 0.0973  202194\n"}
,{"stream_name":"stdout","time":22.282928801,"data":"Business travel 0.5843  497441\n"}
,{"stream_name":"stdout","time":22.282932233,"data":"\n"}
,{"stream_name":"stdout","time":22.282935561,"data":"Class\n"}
,{"stream_name":"stdout","time":22.282938743,"data":"           mean    size\n"}
,{"stream_name":"stdout","time":22.282942449,"data":"Class                  \n"}
,{"stream_name":"stdout","time":22.282945801,"data":"Eco      0.1676  327404\n"}
,{"stream_name":"stdout","time":22.282949285,"data":"Eco Plus 0.2422   30019\n"}
,{"stream_name":"stdout","time":22.282953471,"data":"Business 0.7253  342212\n"}
,{"stream_name":"stdout","time":24.868804299,"data":"                          feature    auc  missing\n"}
,{"stream_name":"stdout","time":24.868860719,"data":"                  Online boarding 0.8404        0\n"}
,{"stream_name":"stdout","time":24.868866383,"data":"           Inflight entertainment 0.7445        0\n"}
,{"stream_name":"stdout","time":24.868869968,"data":"                     Seat comfort 0.7321        0\n"}
,{"stream_name":"stdout","time":24.868873505,"data":"                 On-board service 0.6993        0\n"}
,{"stream_name":"stdout","time":24.868877071,"data":"                  Flight Distance 0.6956        0\n"}
,{"stream_name":"stdout","time":24.868898996,"data":"                      Cleanliness 0.6894        0\n"}
,{"stream_name":"stdout","time":24.868902511,"data":"                 Leg room service 0.6877        0\n"}
,{"stream_name":"stdout","time":24.868905706,"data":"            Inflight wifi service 0.6627        0\n"}
,{"stream_name":"stdout","time":24.86890909,"data":"                 Baggage handling 0.6549        0\n"}
,{"stream_name":"stdout","time":24.868912694,"data":"                  Checkin service 0.6355        0\n"}
,{"stream_name":"stdout","time":24.868916388,"data":"                              Age 0.6244        0\n"}
,{"stream_name":"stdout","time":24.868919751,"data":"                   Food and drink 0.6211        0\n"}
,{"stream_name":"stdout","time":24.868923246,"data":"           Ease of Online booking 0.6090        0\n"}
,{"stream_name":"stdout","time":24.868926757,"data":"Departure/Arrival time convenient 0.5265        0\n"}
,{"stream_name":"stdout","time":24.868929926,"data":"         Arrival Delay in Minutes 0.5162      292\n"}
,{"stream_name":"stdout","time":24.868933182,"data":"                    Gate location 0.5137        0\n"}
,{"stream_name":"stdout","time":24.868936508,"data":"       Departure Delay in Minutes 0.5085        0\n"}
,{"stream_name":"stdout","time":26.682298892,"data":"                          feature        kind     stat\n"}
,{"stream_name":"stdout","time":26.682345459,"data":"                      Cleanliness     numeric 0.002747\n"}
,{"stream_name":"stdout","time":26.682350439,"data":"                   Food and drink     numeric 0.002169\n"}
,{"stream_name":"stdout","time":26.682353841,"data":"                 On-board service     numeric 0.002164\n"}
,{"stream_name":"stdout","time":26.682357276,"data":"                 Leg room service     numeric 0.001608\n"}
,{"stream_name":"stdout","time":26.682360831,"data":"                           Gender categorical 0.001536\n"}
,{"stream_name":"stdout","time":26.682363985,"data":"                 Baggage handling     numeric 0.001452\n"}
,{"stream_name":"stdout","time":26.682367882,"data":"Departure/Arrival time convenient     numeric 0.001423\n"}
,{"stream_name":"stdout","time":26.682371772,"data":"                    Customer Type categorical 0.001421\n"}
,{"stream_name":"stdout","time":26.68237494,"data":"                     Seat comfort     numeric 0.001369\n"}
,{"stream_name":"stdout","time":26.682378256,"data":"           Inflight entertainment     numeric 0.001233\n"}
,{"stream_name":"stdout","time":26.682381435,"data":"                  Checkin service     numeric 0.001204\n"}
,{"stream_name":"stdout","time":26.682384647,"data":"                              Age     numeric 0.001161\n"}
,{"stream_name":"stdout","time":26.68238804,"data":"                  Flight Distance     numeric 0.000945\n"}
,{"stream_name":"stdout","time":26.682391853,"data":"                  Online boarding     numeric 0.000870\n"}
,{"stream_name":"stdout","time":26.682395266,"data":"           Ease of Online booking     numeric 0.000780\n"}
,{"stream_name":"stdout","time":26.682398938,"data":"       Departure Delay in Minutes     numeric 0.000669\n"}
,{"stream_name":"stdout","time":26.682402303,"data":"            Inflight wifi service     numeric 0.000653\n"}
,{"stream_name":"stdout","time":26.682406104000002,"data":"                            Class categorical 0.000443\n"}
,{"stream_name":"stdout","time":26.682409509,"data":"                    Gate location     numeric 0.000407\n"}
,{"stream_name":"stdout","time":26.682412728,"data":"         Arrival Delay in Minutes     numeric 0.000402\n"}
,{"stream_name":"stdout","time":26.682445555,"data":"                   Type of Travel categorical 0.000161\n"}
,{"stream_name":"stdout","time":26.682597454,"data":"max stat 0.0027468967614925344\n"}
,{"stream_name":"stdout","time":31.576247543,"data":"adversarial OOF AUC 0.5004 on 200000 rows per side, 3-fold\n"}
,{"stream_name":"stdout","time":31.777313801,"data":"NOTEBOOK_VERSION v3\n"}
,{"stream_name":"stdout","time":31.777352068,"data":"rows 699635 299844\n"}
,{"stream_name":"stdout","time":31.777357596999998,"data":"positive_rate 0.4435727201\n"}
,{"stream_name":"stdout","time":31.777361262,"data":"arrival_null_train 292\n"}
,{"stream_name":"stdout","time":31.777364856,"data":"top_univariate {'feature': 'Online boarding', 'auc': 0.8403949917282508, 'missing': 0}\n"}
,{"stream_name":"stdout","time":31.777369091,"data":"max_drift 0.0027468967614925344\n"}
,{"stream_name":"stdout","time":31.77737159,"data":"adversarial_auc 0.5004\n"}
,{"stream_name":"stdout","time":32.161008595,"data":"duplicate_feature_rows 0\n"}
,{"stream_name":"stdout","time":32.198507477,"data":"self-export: executed_notebook.ipynb — 24 cells, 11 with outputs, 229 KB\n"}
,{"stream_name":"stderr","time":35.880709479,"data":"/usr/local/lib/python3.12/dist-packages/mistune.py:435: SyntaxWarning: invalid escape sequence '\\|'\n"}
,{"stream_name":"stderr","time":35.880747273,"data":"  cells[i][c] = re.sub('\\\\\\\\\\|', '|', cell)\n"}
,{"stream_name":"stderr","time":36.103370783,"data":"/usr/local/lib/python3.12/dist-packages/nbconvert/filters/filter_links.py:36: SyntaxWarning: invalid escape sequence '\\_'\n"}
,{"stream_name":"stderr","time":36.103401447,"data":"  text = re.sub(r'_', '\\_', text) # Escape underscores in display text\n"}
,{"stream_name":"stderr","time":36.959861714,"data":"[NbConvertApp] Converting notebook __notebook__.ipynb to notebook\n"}
,{"stream_name":"stderr","time":37.362271184,"data":"[NbConvertApp] Writing 235030 bytes to __notebook__.ipynb\n"}
,{"stream_name":"stderr","time":40.506695713,"data":"[NbConvertApp] Converting notebook __notebook__.ipynb to html\n"}
,{"stream_name":"stderr","time":41.65398033,"data":"[NbConvertApp] Support files will be in __results___files/\n"}
,{"stream_name":"stderr","time":41.65408359,"data":"[NbConvertApp] Making directory __results___files\n"}
,{"stream_name":"stderr","time":41.654376678,"data":"[NbConvertApp] Making directory __results___files\n"}
,{"stream_name":"stderr","time":41.654632685,"data":"[NbConvertApp] Making directory __results___files\n"}
,{"stream_name":"stderr","time":41.654869363,"data":"[NbConvertApp] Writing 351244 bytes to __results__.html\n"}
]