[{"stream_name":"stderr","time":10.567714486,"data":"0.00s - Debugger warning: It seems that frozen modules are being used, which may\n"}
,{"stream_name":"stderr","time":10.567907417,"data":"0.00s - make the debugger miss breakpoints. Please pass -Xfrozen_modules=off\n"}
,{"stream_name":"stderr","time":10.567924558,"data":"0.00s - to python to disable frozen modules.\n"}
,{"stream_name":"stderr","time":10.567929628,"data":"0.00s - Note: Debugging will proceed. Set PYDEVD_DISABLE_FILE_VALIDATION=1 to disable this validation.\n"}
,{"stream_name":"stderr","time":11.502999781,"data":"0.00s - Debugger warning: It seems that frozen modules are being used, which may\n"}
,{"stream_name":"stderr","time":11.50305058,"data":"0.00s - make the debugger miss breakpoints. Please pass -Xfrozen_modules=off\n"}
,{"stream_name":"stderr","time":11.503056772,"data":"0.00s - to python to disable frozen modules.\n"}
,{"stream_name":"stderr","time":11.503061361,"data":"0.00s - Note: Debugging will proceed. Set PYDEVD_DISABLE_FILE_VALIDATION=1 to disable this validation.\n"}
,{"stream_name":"stdout","time":21.12356655,"data":"python 3.12.13\n"}
,{"stream_name":"stdout","time":21.123609353,"data":"{'numpy': '2.0.2', 'pandas': '2.3.3', 'sklearn': '1.6.1', 'lightgbm': '4.6.0'}\n"}
,{"stream_name":"stdout","time":21.154393763,"data":"DATA_DIR /kaggle/input/competitions/playground-series-s6e10\n"}
,{"stream_name":"stdout","time":21.154440758,"data":"OUT /kaggle/working\n"}
,{"stream_name":"stdout","time":21.154447488,"data":"F1 = StratifiedKFold(5, shuffle=True, random_state=42). An arm replaces the control only if its OOF AUC is higher and the mean paired fold gap is at least 0.0005.\n"}
,{"stream_name":"stdout","time":25.892622998,"data":"(699635, 23) (299844, 22) positive 310339\n"}
,{"stream_name":"stdout","time":25.892667875,"data":"zero indicators 12\n"}
,{"stream_name":"stdout","time":27.392154127,"data":"fold 1 median 0.0000 val rows 139927\n"}
,{"stream_name":"stdout","time":47.486987005,"data":"  lightgbm_control trees 500 fold AUC 0.958354 seconds 20.0\n"}
,{"stream_name":"stdout","time":67.856847172,"data":"  lightgbm_zero trees 500 fold AUC 0.958364 seconds 20.3\n"}
,{"stream_name":"stdout","time":137.290884524,"data":"  lightgbm_capacity trees 2000 fold AUC 0.958507 seconds 69.4\n"}
,{"stream_name":"stdout","time":138.265157087,"data":"fold 2 median 0.0000 val rows 139927\n"}
,{"stream_name":"stdout","time":158.411148082,"data":"  lightgbm_control trees 500 fold AUC 0.957139 seconds 20.1\n"}
,{"stream_name":"stdout","time":178.481845513,"data":"  lightgbm_zero trees 500 fold AUC 0.957139 seconds 20.0\n"}
,{"stream_name":"stdout","time":247.130333022,"data":"  lightgbm_capacity trees 2000 fold AUC 0.957169 seconds 68.6\n"}
,{"stream_name":"stdout","time":248.12475072,"data":"fold 3 median 0.0000 val rows 139927\n"}
,{"stream_name":"stdout","time":268.095310955,"data":"  lightgbm_control trees 500 fold AUC 0.959047 seconds 19.9\n"}
,{"stream_name":"stdout","time":288.03578423,"data":"  lightgbm_zero trees 500 fold AUC 0.959020 seconds 19.9\n"}
,{"stream_name":"stdout","time":355.861043102,"data":"  lightgbm_capacity trees 2000 fold AUC 0.959000 seconds 67.8\n"}
,{"stream_name":"stdout","time":356.831047851,"data":"fold 4 median 0.0000 val rows 139927\n"}
,{"stream_name":"stdout","time":377.50687055,"data":"  lightgbm_control trees 500 fold AUC 0.958410 seconds 20.6\n"}
,{"stream_name":"stdout","time":397.917942716,"data":"  lightgbm_zero trees 500 fold AUC 0.958410 seconds 20.4\n"}
,{"stream_name":"stdout","time":467.157539598,"data":"  lightgbm_capacity trees 2000 fold AUC 0.958352 seconds 69.2\n"}
,{"stream_name":"stdout","time":468.139768692,"data":"fold 5 median 0.0000 val rows 139927\n"}
,{"stream_name":"stdout","time":488.433976499,"data":"  lightgbm_control trees 500 fold AUC 0.958740 seconds 20.3\n"}
,{"stream_name":"stdout","time":509.307071292,"data":"  lightgbm_zero trees 500 fold AUC 0.958740 seconds 20.8\n"}
,{"stream_name":"stdout","time":579.928544266,"data":"  lightgbm_capacity trees 2000 fold AUC 0.958580 seconds 70.6\n"}
,{"stream_name":"stdout","time":580.128407792,"data":"lightgbm_control OOF 0.958331 fold mean 0.958338 fold std 0.000649 seconds 101.0\n"}
,{"stream_name":"stdout","time":580.128440746,"data":"lightgbm_zero OOF 0.958328 fold mean 0.958335 fold std 0.000643 seconds 101.4\n"}
,{"stream_name":"stdout","time":580.332077828,"data":"lightgbm_capacity OOF 0.958315 fold mean 0.958322 fold std 0.000615 seconds 345.5\n"}
,{"stream_name":"stdout","time":580.964350041,"data":"lightgbm_zero OOF 0.958328 mean paired gap -0.000004 clears False\n"}
,{"stream_name":"stdout","time":581.183932211,"data":"lightgbm_capacity OOF 0.958315 mean paired gap -0.000017 clears False\n"}
,{"stream_name":"stdout","time":581.183972053,"data":"champion lightgbm_control\n"}
,{"stream_name":"stdout","time":581.183976723,"data":"NOTEBOOK_VERSION v3\n"}
,{"stream_name":"stdout","time":581.732542891,"data":"wrote submission.csv 299844\n"}
,{"stream_name":"stdout","time":581.761358562,"data":"self-export: executed_notebook.ipynb — 17 cells, 5 with outputs, 26 KB\n"}
,{"stream_name":"stderr","time":586.325501221,"data":"/usr/local/lib/python3.12/dist-packages/mistune.py:435: SyntaxWarning: invalid escape sequence '\\|'\n"}
,{"stream_name":"stderr","time":586.325577995,"data":"  cells[i][c] = re.sub('\\\\\\\\\\|', '|', cell)\n"}
,{"stream_name":"stderr","time":586.617526021,"data":"/usr/local/lib/python3.12/dist-packages/nbconvert/filters/filter_links.py:36: SyntaxWarning: invalid escape sequence '\\_'\n"}
,{"stream_name":"stderr","time":586.617563384,"data":"  text = re.sub(r'_', '\\_', text) # Escape underscores in display text\n"}
,{"stream_name":"stderr","time":587.686420732,"data":"[NbConvertApp] Converting notebook __notebook__.ipynb to notebook\n"}
,{"stream_name":"stderr","time":588.098399185,"data":"[NbConvertApp] Writing 25550 bytes to __notebook__.ipynb\n"}
,{"stream_name":"stderr","time":591.61957289,"data":"[NbConvertApp] Converting notebook __notebook__.ipynb to html\n"}
,{"stream_name":"stderr","time":592.837875825,"data":"[NbConvertApp] Writing 333048 bytes to __results__.html\n"}
]